Hash of the Processor State = 255541867
Number of instructions executed = 365
Number of cycles taken = 475
